// Jest Snapshot v1, https://goo.gl/fbAQLP

exports[`matches snapshots with results 1`] = `
<div
  className="calc-board"
>
  <div
    className="display"
  />
  <div
    className="calc-board-container"
  >
    <div
      className="calc-board-rows"
    >
      <div
        className="calc-board-row"
      >
        <div
          className="pad"
          onClick={[Function]}
        >
          1
        </div>
        <div
          className="pad"
          onClick={[Function]}
        >
          2
        </div>
        <div
          className="pad"
          onClick={[Function]}
        >
          3
        </div>
      </div>
      <div
        className="calc-board-row"
      >
        <div
          className="pad"
          onClick={[Function]}
        >
          4
        </div>
        <div
          className="pad"
          onClick={[Function]}
        >
          5
        </div>
        <div
          className="pad"
          onClick={[Function]}
        >
          6
        </div>
      </div>
      <div
        className="calc-board-row"
      >
        <div
          className="pad"
          onClick={[Function]}
        >
          7
        </div>
        <div
          className="pad"
          onClick={[Function]}
        >
          8
        </div>
        <div
          className="pad"
          onClick={[Function]}
        >
          9
        </div>
      </div>
      <div
        className="calc-board-row"
      >
        <div
          className="pad"
          onClick={[Function]}
        >
          0
        </div>
        <div
          className="pad"
          onClick={[Function]}
        >
          .
        </div>
      </div>
    </div>
    <div
      className="calc-board-rows"
    >
      <div
        className="calc-board-row"
      >
        <div
          className="pad"
          onClick={[Function]}
        >
          +
        </div>
      </div>
      <div
        className="calc-board-row"
      >
        <div
          className="pad"
          onClick={[Function]}
        >
          -
        </div>
      </div>
      <div
        className="calc-board-row"
      >
        <div
          className="pad"
          onClick={[Function]}
        >
          *
        </div>
      </div>
      <div
        className="calc-board-row"
      >
        <div
          className="pad"
          onClick={[Function]}
        >
          /
        </div>
      </div>
    </div>
    <div
      className="calc-board-rows"
    >
      <div
        className="calc-board-row"
      >
        <div
          className="pad"
          onClick={[Function]}
        >
          C
        </div>
      </div>
      <div
        className="calc-board-row"
      >
        <div
          className="pad"
          onClick={[Function]}
        >
          CC
        </div>
      </div>
    </div>
    <div
      className="calc-board-rows"
    >
      <div
        className="pad"
        onClick={[Function]}
      >
        =
      </div>
    </div>
  </div>
</div>
`;

exports[`matches snapshots with results 2`] = `
<div
  className="calc-board"
>
  <div
    className="display"
  />
  <div
    className="calc-board-container"
  >
    <div
      className="calc-board-rows"
    >
      <div
        className="calc-board-row"
      >
        <div
          className="pad"
          onClick={[Function]}
        >
          1
        </div>
        <div
          className="pad"
          onClick={[Function]}
        >
          2
        </div>
        <div
          className="pad"
          onClick={[Function]}
        >
          3
        </div>
      </div>
      <div
        className="calc-board-row"
      >
        <div
          className="pad"
          onClick={[Function]}
        >
          4
        </div>
        <div
          className="pad"
          onClick={[Function]}
        >
          5
        </div>
        <div
          className="pad"
          onClick={[Function]}
        >
          6
        </div>
      </div>
      <div
        className="calc-board-row"
      >
        <div
          className="pad"
          onClick={[Function]}
        >
          7
        </div>
        <div
          className="pad"
          onClick={[Function]}
        >
          8
        </div>
        <div
          className="pad"
          onClick={[Function]}
        >
          9
        </div>
      </div>
      <div
        className="calc-board-row"
      >
        <div
          className="pad"
          onClick={[Function]}
        >
          0
        </div>
        <div
          className="pad"
          onClick={[Function]}
        >
          .
        </div>
      </div>
    </div>
    <div
      className="calc-board-rows"
    >
      <div
        className="calc-board-row"
      >
        <div
          className="pad"
          onClick={[Function]}
        >
          +
        </div>
      </div>
      <div
        className="calc-board-row"
      >
        <div
          className="pad"
          onClick={[Function]}
        >
          -
        </div>
      </div>
      <div
        className="calc-board-row"
      >
        <div
          className="pad"
          onClick={[Function]}
        >
          *
        </div>
      </div>
      <div
        className="calc-board-row"
      >
        <div
          className="pad"
          onClick={[Function]}
        >
          /
        </div>
      </div>
    </div>
    <div
      className="calc-board-rows"
    >
      <div
        className="calc-board-row"
      >
        <div
          className="pad"
          onClick={[Function]}
        >
          C
        </div>
      </div>
      <div
        className="calc-board-row"
      >
        <div
          className="pad"
          onClick={[Function]}
        >
          CC
        </div>
      </div>
    </div>
    <div
      className="calc-board-rows"
    >
      <div
        className="pad"
        onClick={[Function]}
      >
        =
      </div>
    </div>
  </div>
</div>
`;

exports[`matches snapshots without props 1`] = `
<div
  className="calc-board"
>
  <div
    className="display"
  />
  <div
    className="calc-board-container"
  >
    <div
      className="calc-board-rows"
    >
      <div
        className="calc-board-row"
      >
        <div
          className="pad"
          onClick={[Function]}
        >
          1
        </div>
        <div
          className="pad"
          onClick={[Function]}
        >
          2
        </div>
        <div
          className="pad"
          onClick={[Function]}
        >
          3
        </div>
      </div>
      <div
        className="calc-board-row"
      >
        <div
          className="pad"
          onClick={[Function]}
        >
          4
        </div>
        <div
          className="pad"
          onClick={[Function]}
        >
          5
        </div>
        <div
          className="pad"
          onClick={[Function]}
        >
          6
        </div>
      </div>
      <div
        className="calc-board-row"
      >
        <div
          className="pad"
          onClick={[Function]}
        >
          7
        </div>
        <div
          className="pad"
          onClick={[Function]}
        >
          8
        </div>
        <div
          className="pad"
          onClick={[Function]}
        >
          9
        </div>
      </div>
      <div
        className="calc-board-row"
      >
        <div
          className="pad"
          onClick={[Function]}
        >
          0
        </div>
        <div
          className="pad"
          onClick={[Function]}
        >
          .
        </div>
      </div>
    </div>
    <div
      className="calc-board-rows"
    >
      <div
        className="calc-board-row"
      >
        <div
          className="pad"
          onClick={[Function]}
        >
          +
        </div>
      </div>
      <div
        className="calc-board-row"
      >
        <div
          className="pad"
          onClick={[Function]}
        >
          -
        </div>
      </div>
      <div
        className="calc-board-row"
      >
        <div
          className="pad"
          onClick={[Function]}
        >
          *
        </div>
      </div>
      <div
        className="calc-board-row"
      >
        <div
          className="pad"
          onClick={[Function]}
        >
          /
        </div>
      </div>
    </div>
    <div
      className="calc-board-rows"
    >
      <div
        className="calc-board-row"
      >
        <div
          className="pad"
          onClick={[Function]}
        >
          C
        </div>
      </div>
      <div
        className="calc-board-row"
      >
        <div
          className="pad"
          onClick={[Function]}
        >
          CC
        </div>
      </div>
    </div>
    <div
      className="calc-board-rows"
    >
      <div
        className="pad"
        onClick={[Function]}
      >
        =
      </div>
    </div>
  </div>
</div>
`;
